Windows PowerShell
Copyright (C) Microsoft Corporation. All rights reserved.

PS C:\windows\system32> Set-ExecutionPolicy Unrestricted\
Set-ExecutionPolicy : Cannot bind parameter 'ExecutionPolicy'. Cannot convert value "Unrestricted\" to type
"Microsoft.PowerShell.ExecutionPolicy". Error: "Unable to match the identifier name Unrestricted\ to a valid
enumerator name. Specify one of the following enumerator names and try again:
Unrestricted, RemoteSigned, AllSigned, Restricted, Default, Bypass, Undefined"
At line:1 char:21
+ Set-ExecutionPolicy Unrestricted\
+                     ~~~~~~~~~~~~~
    + CategoryInfo          : InvalidArgument: (:) [Set-ExecutionPolicy], ParameterBindingException
    + FullyQualifiedErrorId : CannotConvertArgumentNoMessage,Microsoft.PowerShell.Commands.SetExecutionPolicyCommand

PS C:\windows\system32> Set-ExecutionPolicy Unrestricted

Execution Policy Change
The execution policy helps protect you from scripts that you do not trust. Changing the execution policy might expose
you to the security risks described in the about_Execution_Policies help topic at
https:/go.microsoft.com/fwlink/?LinkID=135170. Do you want to change the execution policy?
[Y] Yes  [A] Yes to All  [N] No  [L] No to All  [S] Suspend  [?] Help (default is "N"): A
PS C:\windows\system32> cd C:\Users\DoyleJ\Downloads\20180501\Debloat-Windows-10-master\Debloat-Windows-10-master\script
s
PS C:\Users\DoyleJ\Downloads\20180501\Debloat-Windows-10-master\Debloat-Windows-10-master\scripts> ls -Recurse *.ps1 | U
nblock-File\
Unblock-File\ : The term 'Unblock-File\' is not recognized as the name of a cmdlet, function, script file, or operable
program. Check the spelling of the name, or if a path was included, verify that the path is correct and try again.
At line:1 char:21
+ ls -Recurse *.ps1 | Unblock-File\
+                     ~~~~~~~~~~~~~
    + CategoryInfo          : ObjectNotFound: (Unblock-File\:String) [], CommandNotFoundException
    + FullyQualifiedErrorId : CommandNotFoundException

PS C:\Users\DoyleJ\Downloads\20180501\Debloat-Windows-10-master\Debloat-Windows-10-master\scripts> ls -Recurse *.ps1 | U
nblock-File
PS C:\Users\DoyleJ\Downloads\20180501\Debloat-Windows-10-master\Debloat-Windows-10-master\scripts> ls -Recurse *.psm1 |
Unblock-File
PS C:\Users\DoyleJ\Downloads\20180501\Debloat-Windows-10-master\Debloat-Windows-10-master\scripts> ps .\block-telemetry.
ps1
ps : Cannot find a process with the name ".\block-telemetry.ps1". Verify the process name and call the cmdlet again.
At line:1 char:1
+ ps .\block-telemetry.ps1
+ ~~~~~~~~~~~~~~~~~~~~~~~~
    + CategoryInfo          : ObjectNotFound: (.\block-telemetry.ps1:String) [Get-Process], ProcessCommandException
    + FullyQualifiedErrorId : NoProcessFoundForGivenName,Microsoft.PowerShell.Commands.GetProcessCommand

PS C:\Users\DoyleJ\Downloads\20180501\Debloat-Windows-10-master\Debloat-Windows-10-master\scripts> ps /?
PS C:\Users\DoyleJ\Downloads\20180501\Debloat-Windows-10-master\Debloat-Windows-10-master\scripts> block-telemetry.ps1
block-telemetry.ps1 : The term 'block-telemetry.ps1' is not recognized as the name of a cmdlet, function, script file,
or operable program. Check the spelling of the name, or if a path was included, verify that the path is correct and
try again.
At line:1 char:1
+ block-telemetry.ps1
+ ~~~~~~~~~~~~~~~~~~~
    + CategoryInfo          : ObjectNotFound: (block-telemetry.ps1:String) [], CommandNotFoundException
    + FullyQualifiedErrorId : CommandNotFoundException


Suggestion [3,General]: The command block-telemetry.ps1 was not found, but does exist in the current location. Windows PowerShell does not load commands from the current location by default. If you trust this command, instead type: ".\block-telemetry.ps1". See "get-help about_Command_Precedence" for more details.
PS C:\Users\DoyleJ\Downloads\20180501\Debloat-Windows-10-master\Debloat-Windows-10-master\scripts> .\block-telemetry.ps1

Disabling telemetry via Group Policies
Adding telemetry domains to hosts file
Adding telemetry ips to firewall


Name                  : {adedcf85-a13a-4a4b-9a1f-29fa42f2d573}
DisplayName           : Block Telemetry IPs
Description           :
DisplayGroup          :
Group                 :
Enabled               : True
Profile               : Any
Platform              : {}
Direction             : Outbound
Action                : Block
EdgeTraversalPolicy   : Block
LooseSourceMapping    : False
LocalOnlyMapping      : False
Owner                 :
PrimaryStatus         : OK
Status                : The rule was parsed successfully from the store. (65536)
EnforcementStatus     : NotApplicable
PolicyStoreSource     : PersistentStore
PolicyStoreSourceType : Local



PS C:\Users\DoyleJ\Downloads\20180501\Debloat-Windows-10-master\Debloat-Windows-10-master\scripts> .\disable-services.ps
1
Trying to disable diagnosticshub.standardcollector.service
Trying to disable DiagTrack
Get-Service : Cannot find any service with service name 'DiagTrack'.
At
C:\Users\DoyleJ\Downloads\20180501\Debloat-Windows-10-master\Debloat-Windows-10-master\scripts\disable-services.ps1:31
char:5
+     Get-Service -Name $service | Set-Service -StartupType Disabled
+     ~~~~~~~~~~~~~~~~~~~~~~~~~~
    + CategoryInfo          : ObjectNotFound: (DiagTrack:String) [Get-Service], ServiceCommandException
    + FullyQualifiedErrorId : NoServiceFoundForGivenName,Microsoft.PowerShell.Commands.GetServiceCommand

Trying to disable dmwappushservice
Get-Service : Cannot find any service with service name 'dmwappushservice'.
At
C:\Users\DoyleJ\Downloads\20180501\Debloat-Windows-10-master\Debloat-Windows-10-master\scripts\disable-services.ps1:31
char:5
+     Get-Service -Name $service | Set-Service -StartupType Disabled
+     ~~~~~~~~~~~~~~~~~~~~~~~~~~
    + CategoryInfo          : ObjectNotFound: (dmwappushservice:String) [Get-Service], ServiceCommandException
    + FullyQualifiedErrorId : NoServiceFoundForGivenName,Microsoft.PowerShell.Commands.GetServiceCommand

Trying to disable lfsvc
Trying to disable MapsBroker
Trying to disable NetTcpPortSharing
Trying to disable RemoteAccess
Trying to disable RemoteRegistry
Trying to disable SharedAccess
Trying to disable TrkWks
Trying to disable WbioSrvc
Trying to disable WMPNetworkSvc
Trying to disable wscsvc
Trying to disable XblAuthManager
Trying to disable XblGameSave
Trying to disable XboxNetApiSvc
PS C:\Users\DoyleJ\Downloads\20180501\Debloat-Windows-10-master\Debloat-Windows-10-master\scripts> .\disable-windows-def
ender.ps1
Elevating priviledges for this process
Trying to disable scheduled task Windows Defender Cache Maintenance

TaskPath                                       TaskName                          State
--------                                       --------                          -----
\Microsoft\Windows\Windows Defender\           Windows Defender Cache Mainten... Disabled
Trying to disable scheduled task Windows Defender Cleanup
\Microsoft\Windows\Windows Defender\           Windows Defender Cleanup          Disabled
Trying to disable scheduled task Windows Defender Scheduled Scan
\Microsoft\Windows\Windows Defender\           Windows Defender Scheduled Scan   Disabled
Trying to disable scheduled task Windows Defender Verification
\Microsoft\Windows\Windows Defender\           Windows Defender Verification     Disabled
Disabling Windows Defender via Group Policies

Property      : {}
PSPath        : Microsoft.PowerShell.Core\Registry::HKEY_LOCAL_MACHINE\SOFTWARE\Wow6432Node\Policies\Microsoft\Windows
                Defender\Real-Time Protection
PSParentPath  : Microsoft.PowerShell.Core\Registry::HKEY_LOCAL_MACHINE\SOFTWARE\Wow6432Node\Policies\Microsoft\Windows
                Defender
PSChildName   : Real-Time Protection
PSDrive       : HKLM
PSProvider    : Microsoft.PowerShell.Core\Registry
PSIsContainer : True
SubKeyCount   : 0
View          : Default
Handle        : Microsoft.Win32.SafeHandles.SafeRegistryHandle
ValueCount    : 0
Name          : HKEY_LOCAL_MACHINE\SOFTWARE\Wow6432Node\Policies\Microsoft\Windows Defender\Real-Time Protection

Disabling Windows Defender Services
Set-ItemProperty : Attempted to perform an unauthorized operation.
At C:\Users\DoyleJ\Downloads\20180501\Debloat-Windows-10-master\Debloat-Windows-10-master\scripts\disable-windows-defen
der.ps1:37 char:1
+ Set-ItemProperty "HKLM:\SYSTEM\CurrentControlSet\Services\WinDefend"  ...
+ ~~~~~~~~~~~~~~~~~~~~~~~~~~~~~~~~~~~~~~~~~~~~~~~~~~~~~~~~~~~~~~~~~~~~~
    + CategoryInfo          : PermissionDenied: (Start:String) [Set-ItemProperty], UnauthorizedAccessException
    + FullyQualifiedErrorId : System.UnauthorizedAccessException,Microsoft.PowerShell.Commands.SetItemPropertyCommand

Set-ItemProperty : Attempted to perform an unauthorized operation.
At C:\Users\DoyleJ\Downloads\20180501\Debloat-Windows-10-master\Debloat-Windows-10-master\scripts\disable-windows-defen
der.ps1:38 char:1
+ Set-ItemProperty "HKLM:\SYSTEM\CurrentControlSet\Services\WinDefend"  ...
+ ~~~~~~~~~~~~~~~~~~~~~~~~~~~~~~~~~~~~~~~~~~~~~~~~~~~~~~~~~~~~~~~~~~~~~
    + CategoryInfo          : PermissionDenied: (AutorunsDisabled:String) [Set-ItemProperty], UnauthorizedAccessExcept
   ion
    + FullyQualifiedErrorId : System.UnauthorizedAccessException,Microsoft.PowerShell.Commands.SetItemPropertyCommand

Set-ItemProperty : Attempted to perform an unauthorized operation.
At C:\Users\DoyleJ\Downloads\20180501\Debloat-Windows-10-master\Debloat-Windows-10-master\scripts\disable-windows-defen
der.ps1:39 char:1
+ Set-ItemProperty "HKLM:\SYSTEM\CurrentControlSet\Services\WdNisSvc" " ...
+ ~~~~~~~~~~~~~~~~~~~~~~~~~~~~~~~~~~~~~~~~~~~~~~~~~~~~~~~~~~~~~~~~~~~~~
    + CategoryInfo          : PermissionDenied: (Start:String) [Set-ItemProperty], UnauthorizedAccessException
    + FullyQualifiedErrorId : System.UnauthorizedAccessException,Microsoft.PowerShell.Commands.SetItemPropertyCommand

Set-ItemProperty : Attempted to perform an unauthorized operation.
At C:\Users\DoyleJ\Downloads\20180501\Debloat-Windows-10-master\Debloat-Windows-10-master\scripts\disable-windows-defen
der.ps1:40 char:1
+ Set-ItemProperty "HKLM:\SYSTEM\CurrentControlSet\Services\WdNisSvc" " ...
+ ~~~~~~~~~~~~~~~~~~~~~~~~~~~~~~~~~~~~~~~~~~~~~~~~~~~~~~~~~~~~~~~~~~~~~
    + CategoryInfo          : PermissionDenied: (AutorunsDisabled:String) [Set-ItemProperty], UnauthorizedAccessExcept
   ion
    + FullyQualifiedErrorId : System.UnauthorizedAccessException,Microsoft.PowerShell.Commands.SetItemPropertyCommand

Removing Windows Defender context menu item
Removing Windows Defender GUI / tray from autorun


PS C:\Users\DoyleJ\Downloads\20180501\Debloat-Windows-10-master\Debloat-Windows-10-master\scripts> .\fix-privacy-setting
s.ps1
Elevating priviledges for this process
Defuse Windows search settings
Set general privacy options
Disable synchronisation of settings
Set privacy policy accepted state to 0
Do not scan contact informations
Inking and typing settings
Microsoft Edge settings


    Hive: HKEY_CURRENT_USER\SOFTWARE\Classes\Local Settings\Software\Microsoft\Windows\CurrentVersion\AppContainer\Stor
    age\microsoft.microsoftedge_8wekyb3d8bbwe\MicrosoftEdge\User\Default


Name                           Property
----                           --------
SearchScopes


    Hive: HKEY_CURRENT_USER\SOFTWARE\Classes\Local Settings\Software\Microsoft\Windows\CurrentVersion\AppContainer\Stor
    age\microsoft.microsoftedge_8wekyb3d8bbwe\MicrosoftEdge


Name                           Property
----                           --------
FlipAhead
Disable background access of default apps
Denying device access
Disable location sensor


    Hive: HKEY_CURRENT_USER\SOFTWARE\Microsoft\Windows NT\CurrentVersion\Sensor\Permissions


Name                           Property
----                           --------
{BFA794E4-F964-4FDB-90F6-51056
BFE4B44}
Disable submission of Windows Defender findings (w/ elevated privileges)
Set-ItemProperty : Attempted to perform an unauthorized operation.
At C:\Users\DoyleJ\Downloads\20180501\Debloat-Windows-10-master\Debloat-Windows-10-master\scripts\fix-privacy-settings.
ps1:92 char:1
+ Set-ItemProperty "HKLM:\SOFTWARE\Microsoft\Windows Defender\Spynet" " ...
+ ~~~~~~~~~~~~~~~~~~~~~~~~~~~~~~~~~~~~~~~~~~~~~~~~~~~~~~~~~~~~~~~~~~~~~
    + CategoryInfo          : PermissionDenied: (SpyNetReporting:String) [Set-ItemProperty], UnauthorizedAccessExcepti
   on
    + FullyQualifiedErrorId : System.UnauthorizedAccessException,Microsoft.PowerShell.Commands.SetItemPropertyCommand

Do not share wifi networks


PS C:\Users\DoyleJ\Downloads\20180501\Debloat-Windows-10-master\Debloat-Windows-10-master\scripts> .\remove-default-apps
.ps1
Elevating privileges for this process
Uninstalling default apps
Trying to remove Microsoft.3DBuilder
Trying to remove Microsoft.Appconnector
Trying to remove Microsoft.BingFinance
Trying to remove Microsoft.BingNews
Trying to remove Microsoft.BingSports
Trying to remove Microsoft.BingWeather
Trying to remove Microsoft.Getstarted
Trying to remove Microsoft.MicrosoftOfficeHub
Trying to remove Microsoft.MicrosoftSolitaireCollection
Trying to remove Microsoft.MicrosoftStickyNotes
Trying to remove Microsoft.People
Trying to remove Microsoft.SkypeApp
Trying to remove Microsoft.WindowsAlarms
Trying to remove Microsoft.WindowsMaps
Trying to remove Microsoft.WindowsPhone
Trying to remove Microsoft.XboxApp
Trying to remove Microsoft.ZuneMusic
Trying to remove Microsoft.ZuneVideo
Trying to remove microsoft.windowscommunicationsapps
Trying to remove Microsoft.MinecraftUWP
Trying to remove Microsoft.MicrosoftPowerBIForWindows
Trying to remove Microsoft.NetworkSpeedTest
Trying to remove Microsoft.CommsPhone
Trying to remove Microsoft.ConnectivityStore
Trying to remove Microsoft.Messaging
Trying to remove Microsoft.Office.Sway
Trying to remove Microsoft.OneConnect
Trying to remove Microsoft.WindowsFeedbackHub
Trying to remove Microsoft.BingFoodAndDrink
Trying to remove Microsoft.BingTravel
Trying to remove Microsoft.BingHealthAndFitness
Trying to remove Microsoft.WindowsReadingList
Trying to remove 9E2F88E3.Twitter
Trying to remove PandoraMediaInc.29680B314EFC2
Trying to remove Flipboard.Flipboard
Trying to remove ShazamEntertainmentLtd.Shazam
Trying to remove king.com.CandyCrushSaga
Trying to remove king.com.CandyCrushSodaSaga
Trying to remove king.com.*
Trying to remove ClearChannelRadioDigital.iHeartRadio
Trying to remove 4DF9E0F8.Netflix
Trying to remove 6Wunderkinder.Wunderlist
Trying to remove Drawboard.DrawboardPDF
Trying to remove 2FE3CB00.PicsArt-PhotoStudio
Trying to remove D52A8D61.FarmVille2CountryEscape
Trying to remove TuneIn.TuneInRadio
Trying to remove GAMELOFTSA.Asphalt8Airborne
Trying to remove DB6EA5DB.CyberLinkMediaSuiteEssentials
Trying to remove Facebook.Facebook
Trying to remove flaregamesGmbH.RoyalRevolt2
Trying to remove Playtika.CaesarsSlotsFreeCasino
Trying to remove A278AB0D.MarchofEmpires
Trying to remove KeeperSecurityInc.Keeper
Trying to remove ThumbmunkeysLtd.PhototasticCollage
Trying to remove XINGAG.XING
Trying to remove 89006A2E.AutodeskSketchBook
Trying to remove D5EA27B7.Duolingo-LearnLanguagesforFree
Trying to remove 46928bounde.EclipseManager
Trying to remove ActiproSoftwareLLC.562882FEEB491
Trying to remove DolbyLaboratories.DolbyAccess
Trying to remove SpotifyAB.SpotifyMusic
Trying to remove A278AB0D.DisneyMagicKingdoms
Trying to remove WinZipComputing.WinZipUniversal


    Hive: HKEY_LOCAL_MACHINE\SOFTWARE\Policies\Microsoft\Windows


Name                           Property
----                           --------
Cloud Content


PS C:\Users\DoyleJ\Downloads\20180501\Debloat-Windows-10-master\Debloat-Windows-10-master\scripts> remove-default-apps.p
s1remove-default-apps.ps1